setup_started_utc=2026-09-23T03:51:56Z
miniconda_installer_sha256=e8b25b92b262499141c5bd57a98d3c008024185fa951494b9cd9b6d94e72338b
PREFIX=/data/tangmingxue/tools/miniconda3
Unpacking bootstrapper...
Unpacking payload...

Installing base environment...

Preparing transaction: ...working... done
Executing transaction: ...working... done
installation finished.
conda 26.7.1

CondaToSNonInteractiveError: Terms of Service have not been accepted for the following channels. Please accept or remove them before proceeding:
    - https://repo.anaconda.com/pkgs/main
    - https://repo.anaconda.com/pkgs/r

To accept these channels' Terms of Service, run the following commands:
    conda tos accept --override-channels --channel https://repo.anaconda.com/pkgs/main
    conda tos accept --override-channels --channel https://repo.anaconda.com/pkgs/r

For information on safely removing channels from your conda configuration,
please see the official documentation:

    https://www.anaconda.com/docs/tools/working-with-conda/channels

setup_resume_utc=2026-09-23T03:52:49Z
Retrieving notices: ...working... done
Channels:
 - conda-forge
Platform: linux-64
Collecting package metadata (repodata.json): ...working... done
Solving environment: ...working... done

## Package Plan ##

  environment location: /data/tangmingxue/experiments/ai-scientist-2d-diffusion/env

  added / updated specs:
    - python=3.11


The following packages will be downloaded:

    package                    |            build
    ---------------------------|-----------------
    _openmp_mutex-4.5          |           20_gnu          28 KB  conda-forge
    bzip2-1.0.8                |      hda65f42_10         252 KB  conda-forge
    ca-certificates-2026.7.22  |       hbd8a1cb_0         129 KB  conda-forge
    icu-78.3                   |  py310h44b86e0_2        13.8 MB  conda-forge
    ld_impl_linux-64-2.46.1    |default_hbd61a6d_102         728 KB  conda-forge
    libexpat-2.8.4             |       hd2095e1_0          76 KB  conda-forge
    libffi-3.7.0               |       h81df57d_1          66 KB  conda-forge
    libgcc-16.2.0              |       ha9f2e26_5         1.0 MB  conda-forge
    libgomp-16.2.0             |       he0feb66_5         627 KB  conda-forge
    liblzma-5.8.3              |       hb03c661_1         110 KB  conda-forge
    libnsl-2.0.1               |       hb9d3cd8_1          33 KB  conda-forge
    libpython-3.11.16          |h0c77377_2_cpython         7.5 MB  conda-forge
    libsqlite-3.53.4           |       h13e7031_1         952 KB  conda-forge
    libstdcxx-16.2.0           |       h934c35e_5         6.3 MB  conda-forge
    libuuid-2.42.4             |       hcfc3c73_0          34 KB  conda-forge
    libxcrypt-4.4.38           |       h280c20c_0         100 KB  conda-forge
    libzlib-1.3.2              |       h25fd6f3_3          62 KB  conda-forge
    ncurses-6.6                |       hdb14827_1         890 KB  conda-forge
    openssl-3.6.4              |       h781a0a9_0         3.1 MB  conda-forge
    packaging-26.3             |     pyhc364b38_0         114 KB  conda-forge
    pip-26.2.1                 |     pyh8b19718_0         1.1 MB  conda-forge
    python-3.11.16             |h5f976f7_2_cpython        22.1 MB  conda-forge
    readline-8.3               |       hd6e31c0_1         341 KB  conda-forge
    setuptools-84.0.0          |     pyh332efcf_0         512 KB  conda-forge
    tk-8.6.13                  | noxft_h1df4ec4_4         3.4 MB  conda-forge
    tzdata-2026c               |       h151e31d_0         116 KB  conda-forge
    wheel-0.48.0               |     pyhd8ed1ab_0          34 KB  conda-forge
    zstd-1.5.7                 |       hb78ec9c_7         587 KB  conda-forge
    ------------------------------------------------------------
                                           Total:        63.9 MB

The following NEW packages will be INSTALLED:

  _openmp_mutex      conda-forge/linux-64::_openmp_mutex-4.5-20_gnu 
  bzip2              conda-forge/linux-64::bzip2-1.0.8-hda65f42_10 
  ca-certificates    conda-forge/noarch::ca-certificates-2026.7.22-hbd8a1cb_0 
  icu                conda-forge/linux-64::icu-78.3-py310h44b86e0_2 
  ld_impl_linux-64   conda-forge/linux-64::ld_impl_linux-64-2.46.1-default_hbd61a6d_102 
  libexpat           conda-forge/linux-64::libexpat-2.8.4-hd2095e1_0 
  libffi             conda-forge/linux-64::libffi-3.7.0-h81df57d_1 
  libgcc             conda-forge/linux-64::libgcc-16.2.0-ha9f2e26_5 
  libgomp            conda-forge/linux-64::libgomp-16.2.0-he0feb66_5 
  liblzma            conda-forge/linux-64::liblzma-5.8.3-hb03c661_1 
  libnsl             conda-forge/linux-64::libnsl-2.0.1-hb9d3cd8_1 
  libpython          conda-forge/linux-64::libpython-3.11.16-h0c77377_2_cpython 
  libsqlite          conda-forge/linux-64::libsqlite-3.53.4-h13e7031_1 
  libstdcxx          conda-forge/linux-64::libstdcxx-16.2.0-h934c35e_5 
  libuuid            conda-forge/linux-64::libuuid-2.42.4-hcfc3c73_0 
  libxcrypt          conda-forge/linux-64::libxcrypt-4.4.38-h280c20c_0 
  libzlib            conda-forge/linux-64::libzlib-1.3.2-h25fd6f3_3 
  ncurses            conda-forge/linux-64::ncurses-6.6-hdb14827_1 
  openssl            conda-forge/linux-64::openssl-3.6.4-h781a0a9_0 
  packaging          conda-forge/noarch::packaging-26.3-pyhc364b38_0 
  pip                conda-forge/noarch::pip-26.2.1-pyh8b19718_0 
  python             conda-forge/linux-64::python-3.11.16-h5f976f7_2_cpython 
  readline           conda-forge/linux-64::readline-8.3-hd6e31c0_1 
  setuptools         conda-forge/noarch::setuptools-84.0.0-pyh332efcf_0 
  tk                 conda-forge/linux-64::tk-8.6.13-noxft_h1df4ec4_4 
  tzdata             conda-forge/noarch::tzdata-2026c-h151e31d_0 
  wheel              conda-forge/noarch::wheel-0.48.0-pyhd8ed1ab_0 
  zstd               conda-forge/linux-64::zstd-1.5.7-hb78ec9c_7 



Downloading and Extracting Packages: ...working... done
Preparing transaction: ...working... done
Verifying transaction: ...working... done
Executing transaction: ...working... done
WARNING conda.conda_pypi.main:notify_externally_managed_future(156): 
  Did you know? You can install many PyPI packages with conda
  using the conda-pypi beta. Get started:
    https://docs.conda.io/projects/conda/en/stable/new-features.html

#
# To activate this environment, use
#
#     $ conda activate /data/tangmingxue/experiments/ai-scientist-2d-diffusion/env
#
# To deactivate an active environment, use
#
#     $ conda deactivate

Python 3.11.16
pip 26.2.1 from /data/tangmingxue/experiments/ai-scientist-2d-diffusion/env/lib/python3.11/site-packages/pip (python 3.11)
Cloning into '/data/tangmingxue/experiments/ai-scientist-2d-diffusion/AI-Scientist'...
From https://github.com/SakanaAI/AI-Scientist
 * branch            1de1dbc1f4ee2c5f61e9c94348d55eb51d7fa2eb -> FETCH_HEAD
HEAD is now at 1de1dbc Merge pull request #233 from conglu1997/patch-1
Cloning into '/data/tangmingxue/experiments/ai-scientist-2d-diffusion/NPEET'...
From https://github.com/gregversteeg/NPEET
 * branch            8b0d9485423f74e5eb199324cf362765596538d3 -> FETCH_HEAD
HEAD is now at 8b0d948 Merge pull request #27 from StevenCHowell/bug/install-package
ai_scientist_commit=1de1dbc1f4ee2c5f61e9c94348d55eb51d7fa2eb
npeet_commit=8b0d9485423f74e5eb199324cf362765596538d3
ai_scientist_dirty_count=0
npeet_dirty_count=0
setup_checkout_finished_utc=2026-09-23T03:53:15Z
